[2026-09-08 13:12:42] ==================================================
[2026-09-08 13:12:42] SAATHI AI WAKE DAEMON INITIALIZING
[2026-09-08 13:12:42] ==================================================
[2026-09-08 13:12:42] [WAKE DAEMON] Starting speech recognition listener loop...
[2026-09-08 13:12:44] [WAKE DAEMON] Microphone calibrated & listening...
[2026-09-08 13:13:35] [AUDIO RECOGNIZED]: 'sathi'
[2026-09-08 13:13:35] [WAKE WORD MATCHED] Spoken phrase: 'sathi'
[2026-09-08 13:13:35] [ACTION] Saathi AI not open. Launching full-screen HUD...
[2026-09-08 13:13:35] [WAKE DAEMON] Executing Saathi AI full-screen launch...
[2026-09-08 13:13:43] [AUDIO RECOGNIZED]: 'hey sathi'
[2026-09-08 13:13:43] [WAKE WORD MATCHED] Spoken phrase: 'hey sathi'
[2026-09-08 13:13:43] [ACTION] Saathi AI already open. Focusing HUD window...
[2026-09-08 13:13:43] [WAKE DAEMON] Brought window 'PRATHAM PRASAD // SAATHI AI — COGNITIVE OPERATING INTERFACE' to foreground.
[2026-09-08 13:13:50] [AUDIO RECOGNIZED]: 'i get that'
[2026-09-08 13:14:09] [AUDIO RECOGNIZED]: 'take care problem'
[2026-09-08 13:14:13] [AUDIO RECOGNIZED]: 'open the interface'
[2026-09-08 13:14:20] [AUDIO RECOGNIZED]: 'start'
[2026-09-08 13:14:26] [AUDIO RECOGNIZED]: 'where are you i'
[2026-09-08 13:14:45] [AUDIO RECOGNIZED]: 'have i successfully integrity in my operating system'
[2026-09-08 13:15:03] [AUDIO RECOGNIZED]: 'open vs code'
[2026-09-08 13:15:14] [AUDIO RECOGNIZED]: 'open vs code'
[2026-09-08 13:15:33] ==================================================
[2026-09-08 13:15:33] SAATHI AI WAKE DAEMON INITIALIZING
[2026-09-08 13:15:33] ==================================================
[2026-09-08 13:15:33] [WAKE DAEMON] Starting speech recognition listener loop...
[2026-09-08 13:15:34] [WAKE DAEMON] Microphone calibrated & listening...
[2026-09-08 13:15:38] [AUDIO RECOGNIZED]: 'hello'
[2026-09-08 13:15:42] [AUDIO RECOGNIZED]: 'shaadi'
[2026-09-08 13:16:04] [AUDIO RECOGNIZED]: 'ok stop'
[2026-09-08 13:16:05] [AUDIO RECOGNIZED]: 'hello sathi'
[2026-09-08 13:16:05] [WAKE WORD MATCHED] Spoken phrase: 'hello sathi'
[2026-09-08 13:16:06] [ACTION] Saathi AI not open. Launching full-screen HUD...
[2026-09-08 13:16:06] [WAKE DAEMON] Executing Saathi AI full-screen launch...
[2026-09-08 13:16:16] [AUDIO RECOGNIZED]: 'are you there'
[2026-09-08 13:16:26] [AUDIO RECOGNIZED]: 'hello searching'
[2026-09-08 13:16:33] [AUDIO RECOGNIZED]: 'hi something'
[2026-09-08 13:16:49] ==================================================
[2026-09-08 13:16:49] SAATHI AI WAKE DAEMON INITIALIZING
[2026-09-08 13:16:49] ==================================================
[2026-09-08 13:16:49] [WAKE DAEMON] Starting speech recognition listener loop...
[2026-09-08 13:16:50] [WAKE DAEMON] Microphone calibrated & listening...
[2026-09-08 13:16:53] [AUDIO RECOGNIZED]: 'hello sathi'
[2026-09-08 13:16:53] [WAKE WORD MATCHED] Spoken phrase: 'hello sathi'
[2026-09-08 13:16:53] [ACTION] Saathi AI not open. Launching full-screen HUD...
[2026-09-08 13:16:53] [WAKE DAEMON] Executing Saathi AI full-screen launch...
[2026-09-08 13:16:53] [AUDIO RECOGNIZED]: 'hello sathi'
[2026-09-08 13:16:53] [WAKE WORD MATCHED] Spoken phrase: 'hello sathi'
[2026-09-08 13:16:53] [ACTION] Saathi AI already open. Focusing HUD window...
[2026-09-08 13:17:01] [AUDIO RECOGNIZED]: 'what are you up'
[2026-09-08 13:17:01] [AUDIO RECOGNIZED]: 'what are you up'
[2026-09-08 13:17:17] [AUDIO RECOGNIZED]: 'didn't catch that'
[2026-09-08 13:17:17] [AUDIO RECOGNIZED]: 'didn't catch that'
[2026-09-08 13:17:21] [AUDIO RECOGNIZED]: 'smiling face with smiling eyes'
[2026-09-08 13:17:21] [AUDIO RECOGNIZED]: 'smiling face with smiling eyes'
[2026-09-08 13:17:26] [AUDIO RECOGNIZED]: 'i want to make your interface visible to'
[2026-09-08 13:17:26] [AUDIO RECOGNIZED]: 'i want to make your interface visible to'
